
 Start         Length     Name                   Class
 0001:00000000 00003C54H .text                   CODE
 0002:00000000 00000030H .data                   DATA
 0002:00000030 00000051H .bss                    BSS


Detailed map of segments

 0001:00000000 00000136 C=CODE     S=.text    G=(none)   M=System   ACBP=A9
 0001:00000138 00000258 C=CODE     S=.text    G=(none)   M=SysInit  ACBP=A9
 0001:00000390 00000036 C=CODE     S=.text    G=(none)   M=ToolsAPI ACBP=A9
 0001:000003C8 0000000E C=CODE     S=.text    G=(none)   M=ComCtrls ACBP=A9
 0001:000003D8 0000003E C=CODE     S=.text    G=(none)   M=ActnList ACBP=A9
 0001:00000418 0000000E C=CODE     S=.text    G=(none)   M=ImgList  ACBP=A9
 0001:00000428 00000038 C=CODE     S=.text    G=(none)   M=Commctrl ACBP=A9
 0001:00000460 0000000E C=CODE     S=.text    G=(none)   M=ActiveX  ACBP=A9
 0001:00000470 00000038 C=CODE     S=.text    G=(none)   M=Messages ACBP=A9
 0001:000004A8 00000040 C=CODE     S=.text    G=(none)   M=Windows  ACBP=A9
 0001:000004E8 0000001E C=CODE     S=.text    G=(none)   M=Graphics ACBP=A9
 0001:00000508 0000000E C=CODE     S=.text    G=(none)   M=Classes  ACBP=A9
 0001:00000518 00000036 C=CODE     S=.text    G=(none)   M=SysUtils ACBP=A9
 0001:00000550 0000000E C=CODE     S=.text    G=(none)   M=SysConst ACBP=A9
 0001:00000560 00000016 C=CODE     S=.text    G=(none)   M=TypInfo  ACBP=A9
 0001:00000578 0000000E C=CODE     S=.text    G=(none)   M=Consts   ACBP=A9
 0001:00000588 00000016 C=CODE     S=.text    G=(none)   M=Forms    ACBP=A9
 0001:000005A0 0000000E C=CODE     S=.text    G=(none)   M=MultiMon ACBP=A9
 0001:000005B0 0000000E C=CODE     S=.text    G=(none)   M=Controls ACBP=A9
 0001:000005C0 00000038 C=CODE     S=.text    G=(none)   M=Imm      ACBP=A9
 0001:000005F8 0000003E C=CODE     S=.text    G=(none)   M=Menus    ACBP=A9
 0001:00000638 0000000E C=CODE     S=.text    G=(none)   M=Contnrs  ACBP=A9
 0001:00000648 0000000E C=CODE     S=.text    G=(none)   M=StdActns ACBP=A9
 0001:00000658 0000000E C=CODE     S=.text    G=(none)   M=StdCtrls ACBP=A9
 0001:00000668 0000001E C=CODE     S=.text    G=(none)   M=Clipbrd  ACBP=A9
 0001:00000688 0000000E C=CODE     S=.text    G=(none)   M=FlatSB   ACBP=A9
 0001:00000698 0000000E C=CODE     S=.text    G=(none)   M=Printers ACBP=A9
 0001:000006A8 00000038 C=CODE     S=.text    G=(none)   M=WinSpool ACBP=A9
 0001:000006E0 0000000E C=CODE     S=.text    G=(none)   M=Math     ACBP=A9
 0001:000006F0 0000002E C=CODE     S=.text    G=(none)   M=ExtCtrls ACBP=A9
 0001:00000720 0000000E C=CODE     S=.text    G=(none)   M=ToolWin  ACBP=A9
 0001:00000730 00000038 C=CODE     S=.text    G=(none)   M=RichEdit ACBP=A9
 0001:00000768 0000000E C=CODE     S=.text    G=(none)   M=ComStrs  ACBP=A9
 0001:00000778 0000000E C=CODE     S=.text    G=(none)   M=DsgnIntf ACBP=A9
 0001:00000788 0000000E C=CODE     S=.text    G=(none)   M=Masks    ACBP=A9
 0001:00000798 0000000E C=CODE     S=.text    G=(none)   M=IniFiles ACBP=A9
 0001:000007A8 00000036 C=CODE     S=.text    G=(none)   M=Registry ACBP=A9
 0001:000007E0 0000000E C=CODE     S=.text    G=(none)   M=Dialogs  ACBP=A9
 0001:000007F0 00000038 C=CODE     S=.text    G=(none)   M=ShlObj   ACBP=A9
 0001:00000828 00000038 C=CODE     S=.text    G=(none)   M=UrlMon   ACBP=A9
 0001:00000860 00000038 C=CODE     S=.text    G=(none)   M=WinInet  ACBP=A9
 0001:00000898 00000038 C=CODE     S=.text    G=(none)   M=RegStr   ACBP=A9
 0001:000008D0 00000040 C=CODE     S=.text    G=(none)   M=ShellAPI ACBP=A9
 0001:00000910 00000038 C=CODE     S=.text    G=(none)   M=CommDlg  ACBP=A9
 0001:00000948 00000038 C=CODE     S=.text    G=(none)   M=Dlgs     ACBP=A9
 0001:00000980 00001A10 C=CODE     S=.text    G=(none)   M=TortoiseGit2IDE ACBP=A9
 0001:00002390 000001AD C=CODE     S=.text    G=(none)   M=TortoiseGit2IDED5 ACBP=A9
 0002:00000000 00000028 C=DATA     S=.data    G=DGROUP   M=SysInit  ACBP=A9
 0002:00001000 00000018 C=BSS      S=.bss     G=DGROUP   M=SysInit  ACBP=A9
 0002:00001018 00000004 C=BSS      S=.bss     G=DGROUP   M=Commctrl ACBP=A9
 0002:0000101C 00000004 C=BSS      S=.bss     G=DGROUP   M=Messages ACBP=A9
 0002:00001020 00000004 C=BSS      S=.bss     G=DGROUP   M=Windows  ACBP=A9
 0002:00001024 00000004 C=BSS      S=.bss     G=DGROUP   M=Imm      ACBP=A9
 0002:00001028 00000004 C=BSS      S=.bss     G=DGROUP   M=WinSpool ACBP=A9
 0002:0000102C 00000004 C=BSS      S=.bss     G=DGROUP   M=RichEdit ACBP=A9
 0002:00001030 00000004 C=BSS      S=.bss     G=DGROUP   M=ShlObj   ACBP=A9
 0002:00001034 00000004 C=BSS      S=.bss     G=DGROUP   M=UrlMon   ACBP=A9
 0002:00001038 00000004 C=BSS      S=.bss     G=DGROUP   M=WinInet  ACBP=A9
 0002:0000103C 00000004 C=BSS      S=.bss     G=DGROUP   M=RegStr   ACBP=A9
 0002:00001040 00000004 C=BSS      S=.bss     G=DGROUP   M=ShellAPI ACBP=A9
 0002:00001044 00000004 C=BSS      S=.bss     G=DGROUP   M=CommDlg  ACBP=A9
 0002:00001048 00000004 C=BSS      S=.bss     G=DGROUP   M=Dlgs     ACBP=A9
 0002:0000104C 00000004 C=BSS      S=.bss     G=DGROUP   M=TortoiseGit2IDE ACBP=A9


  Address         Publics by Name

 0002:00001010       .1
 0002:0000104C       .2
 0001:00002510       @GetPackageInfoTable
 0001:000002E8       @InitPkg
 0001:00002518       @PackageLoad
 0001:00002528       @PackageUnload
 0001:00000458       Commctrl
 0001:00000940       CommDlg
 0001:00000978       Dlgs
 0001:00000244       ExitProcessTLS
 0001:0000020C       ExitThreadTLS
 0001:00000948       Finalization
 0001:00000428       Finalization
 0001:00000358       Finalization
 0001:00000910       Finalization
 0001:00000470       Finalization
 0001:000008D8       Finalization
 0001:000004B0       Finalization
 0001:00000898       Finalization
 0001:00002358       Finalization
 0001:000005C0       Finalization
 0001:000006A8       Finalization
 0001:00000860       Finalization
 0001:00000730       Finalization
 0001:00000828       Finalization
 0001:000007F0       Finalization
 0001:00000138       FreeLibrary
 0001:00000D20       GetCurrentFileName
 0001:00000BEC       GetCurrentProject
 0001:00000140       GetModuleFileName
 0002:0000100C       HInstance
 0001:000005F0       Imm
 0001:0000026C       InitializeModule
 0001:000001D4       InitProcessTLS
 0001:00000178       InitThreadTLS
 0001:00000148       LocalAlloc
 0001:00000150       LocalFree
 0001:000004A0       Messages
 0002:00000000       Module
 0002:00001000       ModuleIsLib
 0002:00001001       ModuleIsPackage
 0001:0000233C       Register
 0001:000008C8       RegStr
 0001:00000760       RichEdit
 0001:00000908       ShellAPI
 0001:000008D0       ShellExecute
 0001:00000820       ShlObj
 0001:00000388       SysInit
 0001:00000158       TlsAlloc
 0002:00001014       TlsBuffer
 0001:00000160       TlsFree
 0001:00000168       TlsGetValue
 0002:00001004       TlsIndex
 0002:BD9FB000       TlsLast
 0002:00000018       TlsProc
 0001:00000170       TlsSetValue
 0001:00002388       TortoiseGit2IDE
 0001:00002538       TortoiseGit2IDED5
 0001:00000DC8       TTortoiseGit.Create
 0001:00000FBC       TTortoiseGit.CreateMenu
 0001:000012B4       TTortoiseGit.Destroy
 0001:00002330       TTortoiseGit.Execute
 0001:00002268       TTortoiseGit.ExecuteAction
 0001:00001A9C       TTortoiseGit.ExecuteVerb
 0001:000012FC       TTortoiseGit.GetBitmapName
 0001:00002298       TTortoiseGit.GetIDString
 0001:000022D8       TTortoiseGit.GetName
 0001:00002314       TTortoiseGit.GetState
 0001:00001510       TTortoiseGit.GetVerb
 0001:00001814       TTortoiseGit.GetVerbState
 0001:00001A18       TTortoiseGit.TGitExec
 0001:00000F30       TTortoiseGit.Tick
 0001:00002228       TTortoiseGit.UpdateAction
 0001:000002C0       UninitializeModule
 0001:00000858       UrlMon
 0001:000004E0       Windows
 0001:000004A8       WinExec
 0001:00000890       WinInet
 0001:000006D8       WinSpool


  Address         Publics by Value

 0002:BD9FB000       TlsLast
 0001:00000138       FreeLibrary
 0001:00000140       GetModuleFileName
 0001:00000148       LocalAlloc
 0001:00000150       LocalFree
 0001:00000158       TlsAlloc
 0001:00000160       TlsFree
 0001:00000168       TlsGetValue
 0001:00000170       TlsSetValue
 0001:00000178       InitThreadTLS
 0001:000001D4       InitProcessTLS
 0001:0000020C       ExitThreadTLS
 0001:00000244       ExitProcessTLS
 0001:0000026C       InitializeModule
 0001:000002C0       UninitializeModule
 0001:000002E8       @InitPkg
 0001:00000358       Finalization
 0001:00000388       SysInit
 0001:00000428       Finalization
 0001:00000458       Commctrl
 0001:00000470       Finalization
 0001:000004A0       Messages
 0001:000004A8       WinExec
 0001:000004B0       Finalization
 0001:000004E0       Windows
 0001:000005C0       Finalization
 0001:000005F0       Imm
 0001:000006A8       Finalization
 0001:000006D8       WinSpool
 0001:00000730       Finalization
 0001:00000760       RichEdit
 0001:000007F0       Finalization
 0001:00000820       ShlObj
 0001:00000828       Finalization
 0001:00000858       UrlMon
 0001:00000860       Finalization
 0001:00000890       WinInet
 0001:00000898       Finalization
 0001:000008C8       RegStr
 0001:000008D0       ShellExecute
 0001:000008D8       Finalization
 0001:00000908       ShellAPI
 0001:00000910       Finalization
 0001:00000940       CommDlg
 0001:00000948       Finalization
 0001:00000978       Dlgs
 0001:00000BEC       GetCurrentProject
 0001:00000D20       GetCurrentFileName
 0001:00000DC8       TTortoiseGit.Create
 0001:00000F30       TTortoiseGit.Tick
 0001:00000FBC       TTortoiseGit.CreateMenu
 0001:000012B4       TTortoiseGit.Destroy
 0001:000012FC       TTortoiseGit.GetBitmapName
 0001:00001510       TTortoiseGit.GetVerb
 0001:00001814       TTortoiseGit.GetVerbState
 0001:00001A18       TTortoiseGit.TGitExec
 0001:00001A9C       TTortoiseGit.ExecuteVerb
 0001:00002228       TTortoiseGit.UpdateAction
 0001:00002268       TTortoiseGit.ExecuteAction
 0001:00002298       TTortoiseGit.GetIDString
 0001:000022D8       TTortoiseGit.GetName
 0001:00002314       TTortoiseGit.GetState
 0001:00002330       TTortoiseGit.Execute
 0001:0000233C       Register
 0001:00002358       Finalization
 0001:00002388       TortoiseGit2IDE
 0001:00002510       @GetPackageInfoTable
 0001:00002518       @PackageLoad
 0001:00002528       @PackageUnload
 0001:00002538       TortoiseGit2IDED5
 0002:00000000       Module
 0002:00000018       TlsProc
 0002:00001000       ModuleIsLib
 0002:00001001       ModuleIsPackage
 0002:00001004       TlsIndex
 0002:0000100C       HInstance
 0002:00001010       .1
 0002:00001014       TlsBuffer
 0002:0000104C       .2


Line numbers for SysInit(SysInit.pas) segment .text

    45 0001:00000138    48 0001:00000140    54 0001:00000148    57 0001:00000150
    60 0001:00000158    63 0001:00000160    66 0001:00000168    69 0001:00000170
    91 0001:00000178    92 0001:0000017C    94 0001:00000185    95 0001:0000018E
    96 0001:00000198    97 0001:000001A7    98 0001:000001AD   100 0001:000001B9
   101 0001:000001C8   102 0001:000001D0   108 0001:000001D4   109 0001:000001D8
   111 0001:000001E1   112 0001:000001E9   113 0001:000001F1   114 0001:000001F7
   115 0001:00000201   116 0001:00000206   122 0001:0000020C   123 0001:00000210
   125 0001:00000219   126 0001:00000222   127 0001:00000230   128 0001:00000236
   130 0001:0000023F   134 0001:00000244   135 0001:00000247   137 0001:00000250
   138 0001:00000255   139 0001:0000025E   140 0001:00000269   186 0001:0000026C
   187 0001:00000275   188 0001:0000028C   189 0001:0000029C   190 0001:000002AF
   191 0001:000002B9   194 0001:000002C0   195 0001:000002C3   196 0001:000002CD
   197 0001:000002E5   241 0001:000002E8   242 0001:000002ED   243 0001:000002F4
   244 0001:000002FB   245 0001:00000303   246 0001:0000030A   247 0001:00000311
   248 0001:00000319   249 0001:00000322   250 0001:0000032E   251 0001:00000334
   252 0001:0000033B   253 0001:00000341   254 0001:00000346   255 0001:00000350
   312 0001:00000388   312 0001:0000038F

Line numbers for TortoiseGit2IDE(TortoiseGit2IDE.pas) segment .text

    64 0001:00000A84    87 0001:00000BEC    88 0001:00000C0A    89 0001:00000C12
    90 0001:00000C27    91 0001:00000C31    93 0001:00000C49    94 0001:00000C57
    96 0001:00000C72    97 0001:00000C7D    99 0001:00000C7F   101 0001:00000C9A
   102 0001:00000CA2   104 0001:00000CAD    91 0001:00000CB0   105 0001:00000CEA
   110 0001:00000D20   111 0001:00000D3A   112 0001:00000D42   113 0001:00000D57
   115 0001:00000D5D   116 0001:00000D6E   118 0001:00000DB4   123 0001:00000DC8
   124 0001:00000DF3   125 0001:00000E02   126 0001:00000E10   127 0001:00000E1D
   128 0001:00000E2E   130 0001:00000E59   131 0001:00000E61   134 0001:00000E71
   136 0001:00000E79   137 0001:00000E8D   138 0001:00000E9D   139 0001:00000EB1
   141 0001:00000EF6   146 0001:00000F30   147 0001:00000F4F   149 0001:00000F6D
   150 0001:00000F75   151 0001:00000F80   153 0001:00000FA5   163 0001:00000FBC
   164 0001:00000FEA   167 0001:00000FF7   168 0001:0000100B   169 0001:0000101B
   170 0001:00001023   172 0001:0000102E   174 0001:00001049   175 0001:00001058
   176 0001:00001066   178 0001:00001094   181 0001:000010A3   182 0001:000010B4
   183 0001:000010DB   184 0001:000010F4   185 0001:0000110D   186 0001:00001127
   188 0001:00001153   189 0001:0000115B   190 0001:0000116B   191 0001:0000117C
   194 0001:00001185   196 0001:0000118B   197 0001:000011A0   198 0001:000011AD
   200 0001:000011BB   201 0001:000011D0   203 0001:000011DB   204 0001:000011E9
   172 0001:000011EC   207 0001:000011F5   208 0001:00001215   209 0001:00001279
   212 0001:000012B4   213 0001:000012C5   215 0001:000012CE   217 0001:000012D9
   218 0001:000012F5   223 0001:000012FC   224 0001:0000130B   225 0001:00001311
   227 0001:00001366   229 0001:00001378   231 0001:0000138A   233 0001:0000139C
   235 0001:000013AE   237 0001:000013C0   239 0001:000013CF   241 0001:000013DE
   243 0001:000013ED   245 0001:000013FC   247 0001:0000140B   249 0001:0000141A
   251 0001:00001429   253 0001:00001438   255 0001:00001445   260 0001:00001510
   261 0001:0000151F   262 0001:00001525   264 0001:0000157A   266 0001:0000158C
   268 0001:0000159E   270 0001:000015B0   272 0001:000015C2   274 0001:000015D4
   276 0001:000015E6   278 0001:000015F8   280 0001:00001607   282 0001:00001616
   284 0001:00001625   286 0001:00001634   288 0001:00001643   290 0001:00001652
   292 0001:00001661   294 0001:00001670   296 0001:0000167D   305 0001:00001814
   306 0001:00001837   307 0001:0000183D   308 0001:00001843   310 0001:00001898
   311 0001:000018AA   313 0001:000018B5   314 0001:000018C7   316 0001:000018D2
   317 0001:000018E4   319 0001:000018EF   320 0001:00001901   322 0001:0000190C
   323 0001:0000191E   325 0001:00001929   326 0001:0000193B   328 0001:00001946
   329 0001:00001954   331 0001:0000195C   332 0001:0000196A   334 0001:00001972
   336 0001:0000197A   338 0001:00001982   340 0001:0000198A   341 0001:00001998
   343 0001:000019A0   344 0001:000019AE   346 0001:000019B6   347 0001:000019C4
   349 0001:00001A13   352 0001:00001A18   353 0001:00001A3F   354 0001:00001A8C
   361 0001:00001A9C   362 0001:00001AC0   363 0001:00001AC8   364 0001:00001AD0
   365 0001:00001AD6   367 0001:00001B2B   368 0001:00001B35   371 0001:00001B71
   372 0001:00001B7B   375 0001:00001BBE   376 0001:00001BC8   379 0001:00001C0B
   380 0001:00001C15   383 0001:00001C58   386 0001:00001C62   389 0001:00001C83
   390 0001:00001CA0   394 0001:00001CE3   396 0001:00001CED   399 0001:00001D0E
   400 0001:00001D2B   404 0001:00001D6E   405 0001:00001D78   408 0001:00001DA5
   409 0001:00001DAF   412 0001:00001E04   413 0001:00001E0A   416 0001:00001E65
   418 0001:00001E77   420 0001:00001E89   422 0001:00001E9B   423 0001:00001EA5
   426 0001:00001EDE   427 0001:00001EE8   430 0001:00001F1E   431 0001:00001F24
   433 0001:00001F33   434 0001:00001F39   436 0001:00001F5B   437 0001:00001F61
   439 0001:00001FE0   444 0001:00002228   445 0001:00002234   446 0001:00002245
   447 0001:00002262   452 0001:00002268   453 0001:00002274   454 0001:00002285
   455 0001:00002293   458 0001:00002298   459 0001:000022A4   460 0001:000022B1
   463 0001:000022D8   464 0001:000022E4   465 0001:000022F1   468 0001:00002314
   469 0001:0000231D   470 0001:00002328   473 0001:00002330   474 0001:00002337
   480 0001:0000233C   481 0001:00002354   525 0001:00002388   525 0001:0000238F

Line numbers for TortoiseGit2IDED5(E:\code\Delphi\TortoiseGit2IDE\TortoiseGit2IDED5.dpk) segment .text

    34 0001:00002538

Bound resource files

icons.res
TortoiseGit2IDED5.RES
TortoiseGit2IDED5.drf


Program entry point at 0001:00002538
